// Jest Snapshot v1, https://goo.gl/fbAQLP

exports[`<BlinkingText/> renders correctly 1`] = `<Text />`;
