// Jest Snapshot v1, https://goo.gl/fbAQLP

exports[`<ButtonControl/> renders correctly 1`] = `
<View
  style={
    Object {
      "backgroundColor": "grey",
      "borderColor": "rgba(0, 0, 0, 0.29)",
      "borderRadius": 4,
      "borderStyle": "solid",
      "borderWidth": 0.5,
      "elevation": 0,
      "minWidth": 64,
    }
  }
>
  <View
    accessibilityRole="button"
    accessibilityStates={Array []}
    accessible={true}
    focusable={true}
    isTVSelectable={true}
    onClick={[Function]}
    onResponderGrant={[Function]}
    onResponderMove={[Function]}
    onResponderRelease={[Function]}
    onResponderTerminate={[Function]}
    onResponderTerminationRequest={[Function]}
    onStartShouldSetResponder={[Function]}
    style={
      Array [
        Object {
          "overflow": "hidden",
        },
        Object {
          "borderRadius": 4,
        },
      ]
    }
  >
    <View
      style={
        Array [
          Object {
            "alignItems": "center",
            "flexDirection": "row",
            "justifyContent": "center",
          },
          Object {
            "minHeight": 50,
            "minWidth": 100,
          },
        ]
      }
    >
      <Text
        numberOfLines={1}
        style={
          Array [
            Object {
              "color": "#000000",
              "fontFamily": "System",
              "fontWeight": "400",
              "textAlign": "left",
            },
            Array [
              Object {
                "letterSpacing": 1,
                "marginHorizontal": 16,
                "marginVertical": 9,
                "textAlign": "center",
              },
              undefined,
              Object {
                "textTransform": "uppercase",
              },
              Object {
                "color": "#6200ee",
                "fontFamily": "System",
                "fontWeight": "500",
              },
              Object {
                "fontFamily": "System",
                "fontWeight": "500",
              },
              undefined,
            ],
          ]
        }
      />
    </View>
  </View>
</View>
`;
