// Jest Snapshot v1, https://goo.gl/fbAQLP

exports[`<ButtonContainer/> renders correctly 1`] = `
<View
  style={
    Object {
      "flex": 1,
      "flexDirection": "row",
    }
  }
/>
`;
