// Jest Snapshot v1, https://goo.gl/fbAQLP

exports[`<TimerStatusDisplay/> renders correctly 1`] = `
<RCTSafeAreaView
  emulateUnlessSupported={true}
  style={
    Object {
      "alignItems": "center",
      "flex": 1,
      "justifyContent": "center",
      "padding": 10,
    }
  }
>
  <Text
    style={
      Object {
        "fontSize": 24,
      }
    }
  />
</RCTSafeAreaView>
`;
