// Jest Snapshot v1, https://goo.gl/fbAQLP

exports[`<TimerInputContainer/> renders correctly 1`] = `
<View
  style={
    Object {
      "width": 200,
    }
  }
/>
`;
