// Jest Snapshot v1, https://goo.gl/fbAQLP

exports[`<TimerButtonContainer/> renders correctly 1`] = `
<View
  style={
    Object {
      "width": 140,
    }
  }
/>
`;
